"id","idOfCar","dateOfProblem","description","paidFine"
"1","1","2005-01-04","speeding ticket","1"
"2","6","2015-11-05","driving drunk","0"
