"id"," model"," startOfRent","endOfRent"
"1","BMW","2010-01-04","2022-06-07"
"2","Audi","2015-01-04","2026-10-07"
