"id","name","carsID"
"1","Lviv","1","2","3"
"2","Kyiv","4","5"
